// Jest Snapshot v1, https://goo.gl/fbAQLP

exports[`AddWorkout Component should match the snapshot 1`] = `
<View
  style={
    Object {
      "alignItems": "center",
      "backgroundColor": "#fff",
      "flex": 1,
      "justifyContent": "center",
    }
  }
>
  <Text
    accessible={true}
    allowFontScaling={true}
    ellipsizeMode="tail"
  >
    Add Workout
  </Text>
  <Text
    accessible={true}
    allowFontScaling={true}
    ellipsizeMode="tail"
  >
    Workout Name: 
  </Text>
  <TextInput
    allowFontScaling={true}
  />
  <Text
    accessible={true}
    allowFontScaling={true}
    ellipsizeMode="tail"
  >
    Description (Optional):
  </Text>
  <TextInput
    allowFontScaling={true}
  />
  <Text
    accessible={true}
    allowFontScaling={true}
    ellipsizeMode="tail"
  >
    Exercises
  </Text>
  <TextInput
    allowFontScaling={true}
  />
</View>
`;
